> Task :checkKotlinGradlePluginConfigurationErrors SKIPPED
> Task :compileKotlin UP-TO-DATE
> Task :compileJava NO-SOURCE
> Task :processResources UP-TO-DATE
> Task :classes UP-TO-DATE
> Task :resolveMainClassName UP-TO-DATE

> Task :bootRun

  .   ____          _            __ _ _
 /\\ / ___'_ __ _ _(_)_ __  __ _ \ \ \ \
( ( )\___ | '_ | '_| | '_ \/ _` | \ \ \ \
 \\/  ___)| |_)| | | | | || (_| |  ) ) ) )
  '  |____| .__|_| |_|_| |_\__, | / / / /
 =========|_|==============|___/=/_/_/_/

 :: Spring Boot ::                (v3.5.6)

2026-07-06T10:56:04.924+09:00  INFO 90047 --- [tech-and-job-rss-reader] [           main] d.rockyh.rsswatch.RssWatchApplicationKt  : Starting RssWatchApplicationKt using Java 21.0.11 with PID 90047 (/private/tmp/worktree-pg-task7/build/classes/kotlin/main started by rockyh in /private/tmp/worktree-pg-task7)
2026-07-06T10:56:04.925+09:00  INFO 90047 --- [tech-and-job-rss-reader] [           main] d.rockyh.rsswatch.RssWatchApplicationKt  : No active profile set, falling back to 1 default profile: "default"
2026-07-06T10:56:05.163+09:00  INFO 90047 --- [tech-and-job-rss-reader] [           main] .s.d.r.c.RepositoryConfigurationDelegate : Bootstrapping Spring Data JDBC repositories in DEFAULT mode.
2026-07-06T10:56:05.171+09:00  INFO 90047 --- [tech-and-job-rss-reader] [           main] .s.d.r.c.RepositoryConfigurationDelegate : Finished Spring Data repository scanning in 5 ms. Found 0 JDBC repository interfaces.
2026-07-06T10:56:05.338+09:00  INFO 90047 --- [tech-and-job-rss-reader] [           main] o.s.b.w.embedded.tomcat.TomcatWebServer  : Tomcat initialized with port 8080 (http)
2026-07-06T10:56:05.345+09:00  INFO 90047 --- [tech-and-job-rss-reader] [           main] o.apache.catalina.core.StandardService   : Starting service [Tomcat]
2026-07-06T10:56:05.345+09:00  INFO 90047 --- [tech-and-job-rss-reader] [           main] o.apache.catalina.core.StandardEngine    : Starting Servlet engine: [Apache Tomcat/10.1.46]
2026-07-06T10:56:05.363+09:00  INFO 90047 --- [tech-and-job-rss-reader] [           main] o.a.c.c.C.[Tomcat].[localhost].[/]       : Initializing Spring embedded WebApplicationContext
2026-07-06T10:56:05.364+09:00  INFO 90047 --- [tech-and-job-rss-reader] [           main] w.s.c.ServletWebServerApplicationContext : Root WebApplicationContext: initialization completed in 421 ms
2026-07-06T10:56:05.405+09:00  INFO 90047 --- [tech-and-job-rss-reader] [           main] com.zaxxer.hikari.HikariDataSource       : HikariPool-1 - Starting...
2026-07-06T10:56:05.480+09:00  INFO 90047 --- [tech-and-job-rss-reader] [           main] com.zaxxer.hikari.pool.HikariPool        : HikariPool-1 - Added connection org.postgresql.jdbc.PgConnection@88b76f2
2026-07-06T10:56:05.481+09:00  INFO 90047 --- [tech-and-job-rss-reader] [           main] com.zaxxer.hikari.HikariDataSource       : HikariPool-1 - Start completed.
2026-07-06T10:56:05.580+09:00  INFO 90047 --- [tech-and-job-rss-reader] [           main] o.s.b.a.w.s.WelcomePageHandlerMapping    : Adding welcome page: class path resource [static/index.html]
2026-07-06T10:56:05.706+09:00  INFO 90047 --- [tech-and-job-rss-reader] [           main] org.flywaydb.core.FlywayExecutor         : Database: jdbc:postgresql://localhost:5432/rsswatch (PostgreSQL 17.10)
2026-07-06T10:56:05.736+09:00  INFO 90047 --- [tech-and-job-rss-reader] [           main] o.f.core.internal.command.DbValidate     : Successfully validated 1 migration (execution time 00:00.012s)
2026-07-06T10:56:05.747+09:00  INFO 90047 --- [tech-and-job-rss-reader] [           main] o.f.core.internal.command.DbMigrate      : Current version of schema "public": 1
2026-07-06T10:56:05.748+09:00  INFO 90047 --- [tech-and-job-rss-reader] [           main] o.f.core.internal.command.DbMigrate      : Schema "public" is up to date. No migration necessary.
2026-07-06T10:56:05.823+09:00  INFO 90047 --- [tech-and-job-rss-reader] [           main] o.s.b.w.embedded.tomcat.TomcatWebServer  : Tomcat started on port 8080 (http) with context path '/'
2026-07-06T10:56:05.837+09:00  INFO 90047 --- [tech-and-job-rss-reader] [           main] o.a.k.clients.consumer.ConsumerConfig    : ConsumerConfig values: 
	allow.auto.create.topics = true
	auto.commit.interval.ms = 5000
	auto.include.jmx.reporter = true
	auto.offset.reset = earliest
	bootstrap.servers = [localhost:9092]
	check.crcs = true
	client.dns.lookup = use_all_dns_ips
	client.id = consumer-sink-1
	client.rack = 
	connections.max.idle.ms = 540000
	default.api.timeout.ms = 60000
	enable.auto.commit = false
	enable.metrics.push = true
	exclude.internal.topics = true
	fetch.max.bytes = 52428800
	fetch.max.wait.ms = 500
	fetch.min.bytes = 1
	group.id = sink
	group.instance.id = null
	group.protocol = classic
	group.remote.assignor = null
	heartbeat.interval.ms = 3000
	interceptor.classes = []
	internal.leave.group.on.close = true
	internal.throw.on.fetch.stable.offset.unsupported = false
	isolation.level = read_uncommitted
	key.deserializer = class org.apache.kafka.common.serialization.StringDeserializer
	max.partition.fetch.bytes = 1048576
	max.poll.interval.ms = 300000
	max.poll.records = 500
	metadata.max.age.ms = 300000
	metadata.recovery.strategy = none
	metric.reporters = []
	metrics.num.samples = 2
	metrics.recording.level = INFO
	metrics.sample.window.ms = 30000
	partition.assignment.strategy = [class org.apache.kafka.clients.consumer.RangeAssignor, class org.apache.kafka.clients.consumer.CooperativeStickyAssignor]
	receive.buffer.bytes = 65536
	reconnect.backoff.max.ms = 1000
	reconnect.backoff.ms = 50
	request.timeout.ms = 30000
	retry.backoff.max.ms = 1000
	retry.backoff.ms = 100
	sasl.client.callback.handler.class = null
	sasl.jaas.config = null
	sasl.kerberos.kinit.cmd = /usr/bin/kinit
	sasl.kerberos.min.time.before.relogin = 60000
	sasl.kerberos.service.name = null
	sasl.kerberos.ticket.renew.jitter = 0.05
	sasl.kerberos.ticket.renew.window.factor = 0.8
	sasl.login.callback.handler.class = null
	sasl.login.class = null
	sasl.login.connect.timeout.ms = null
	sasl.login.read.timeout.ms = null
	sasl.login.refresh.buffer.seconds = 300
	sasl.login.refresh.min.period.seconds = 60
	sasl.login.refresh.window.factor = 0.8
	sasl.login.refresh.window.jitter = 0.05
	sasl.login.retry.backoff.max.ms = 10000
	sasl.login.retry.backoff.ms = 100
	sasl.mechanism = GSSAPI
	sasl.oauthbearer.clock.skew.seconds = 30
	sasl.oauthbearer.expected.audience = null
	sasl.oauthbearer.expected.issuer = null
	sasl.oauthbearer.header.urlencode = false
	sasl.oauthbearer.jwks.endpoint.refresh.ms = 3600000
	sasl.oauthbearer.jwks.endpoint.retry.backoff.max.ms = 10000
	sasl.oauthbearer.jwks.endpoint.retry.backoff.ms = 100
	sasl.oauthbearer.jwks.endpoint.url = null
	sasl.oauthbearer.scope.claim.name = scope
	sasl.oauthbearer.sub.claim.name = sub
	sasl.oauthbearer.token.endpoint.url = null
	security.protocol = PLAINTEXT
	security.providers = null
	send.buffer.bytes = 131072
	session.timeout.ms = 45000
	socket.connection.setup.timeout.max.ms = 30000
	socket.connection.setup.timeout.ms = 10000
	ssl.cipher.suites = null
	ssl.enabled.protocols = [TLSv1.2, TLSv1.3]
	ssl.endpoint.identification.algorithm = https
	ssl.engine.factory.class = null
	ssl.key.password = null
	ssl.keymanager.algorithm = SunX509
	ssl.keystore.certificate.chain = null
	ssl.keystore.key = null
	ssl.keystore.location = null
	ssl.keystore.password = null
	ssl.keystore.type = JKS
	ssl.protocol = TLSv1.3
	ssl.provider = null
	ssl.secure.random.implementation = null
	ssl.trustmanager.algorithm = PKIX
	ssl.truststore.certificates = null
	ssl.truststore.location = null
	ssl.truststore.password = null
	ssl.truststore.type = JKS
	value.deserializer = class org.apache.kafka.common.serialization.StringDeserializer

2026-07-06T10:56:05.858+09:00  INFO 90047 --- [tech-and-job-rss-reader] [           main] o.a.k.c.t.i.KafkaMetricsCollector        : initializing Kafka metrics collector
2026-07-06T10:56:05.908+09:00  INFO 90047 --- [tech-and-job-rss-reader] [           main] o.a.kafka.common.utils.AppInfoParser     : Kafka version: 3.9.1
2026-07-06T10:56:05.908+09:00  INFO 90047 --- [tech-and-job-rss-reader] [           main] o.a.kafka.common.utils.AppInfoParser     : Kafka commitId: f745dfdcee2b9851
2026-07-06T10:56:05.909+09:00  INFO 90047 --- [tech-and-job-rss-reader] [           main] o.a.kafka.common.utils.AppInfoParser     : Kafka startTimeMs: 1783302965908
2026-07-06T10:56:05.909+09:00  INFO 90047 --- [tech-and-job-rss-reader] [           main] o.a.k.c.c.i.ClassicKafkaConsumer         : [Consumer clientId=consumer-sink-1, groupId=sink] Subscribed to topic(s): rss.items
2026-07-06T10:56:05.911+09:00  INFO 90047 --- [tech-and-job-rss-reader] [           main] o.a.k.clients.consumer.ConsumerConfig    : ConsumerConfig values: 
	allow.auto.create.topics = true
	auto.commit.interval.ms = 5000
	auto.include.jmx.reporter = true
	auto.offset.reset = latest
	bootstrap.servers = [localhost:9092]
	check.crcs = true
	client.dns.lookup = use_all_dns_ips
	client.id = consumer-live-2
	client.rack = 
	connections.max.idle.ms = 540000
	default.api.timeout.ms = 60000
	enable.auto.commit = false
	enable.metrics.push = true
	exclude.internal.topics = true
	fetch.max.bytes = 52428800
	fetch.max.wait.ms = 500
	fetch.min.bytes = 1
	group.id = live
	group.instance.id = null
	group.protocol = classic
	group.remote.assignor = null
	heartbeat.interval.ms = 3000
	interceptor.classes = []
	internal.leave.group.on.close = true
	internal.throw.on.fetch.stable.offset.unsupported = false
	isolation.level = read_uncommitted
	key.deserializer = class org.apache.kafka.common.serialization.StringDeserializer
	max.partition.fetch.bytes = 1048576
	max.poll.interval.ms = 300000
	max.poll.records = 500
	metadata.max.age.ms = 300000
	metadata.recovery.strategy = none
	metric.reporters = []
	metrics.num.samples = 2
	metrics.recording.level = INFO
	metrics.sample.window.ms = 30000
	partition.assignment.strategy = [class org.apache.kafka.clients.consumer.RangeAssignor, class org.apache.kafka.clients.consumer.CooperativeStickyAssignor]
	receive.buffer.bytes = 65536
	reconnect.backoff.max.ms = 1000
	reconnect.backoff.ms = 50
	request.timeout.ms = 30000
	retry.backoff.max.ms = 1000
	retry.backoff.ms = 100
	sasl.client.callback.handler.class = null
	sasl.jaas.config = null
	sasl.kerberos.kinit.cmd = /usr/bin/kinit
	sasl.kerberos.min.time.before.relogin = 60000
	sasl.kerberos.service.name = null
	sasl.kerberos.ticket.renew.jitter = 0.05
	sasl.kerberos.ticket.renew.window.factor = 0.8
	sasl.login.callback.handler.class = null
	sasl.login.class = null
	sasl.login.connect.timeout.ms = null
	sasl.login.read.timeout.ms = null
	sasl.login.refresh.buffer.seconds = 300
	sasl.login.refresh.min.period.seconds = 60
	sasl.login.refresh.window.factor = 0.8
	sasl.login.refresh.window.jitter = 0.05
	sasl.login.retry.backoff.max.ms = 10000
	sasl.login.retry.backoff.ms = 100
	sasl.mechanism = GSSAPI
	sasl.oauthbearer.clock.skew.seconds = 30
	sasl.oauthbearer.expected.audience = null
	sasl.oauthbearer.expected.issuer = null
	sasl.oauthbearer.header.urlencode = false
	sasl.oauthbearer.jwks.endpoint.refresh.ms = 3600000
	sasl.oauthbearer.jwks.endpoint.retry.backoff.max.ms = 10000
	sasl.oauthbearer.jwks.endpoint.retry.backoff.ms = 100
	sasl.oauthbearer.jwks.endpoint.url = null
	sasl.oauthbearer.scope.claim.name = scope
	sasl.oauthbearer.sub.claim.name = sub
	sasl.oauthbearer.token.endpoint.url = null
	security.protocol = PLAINTEXT
	security.providers = null
	send.buffer.bytes = 131072
	session.timeout.ms = 45000
	socket.connection.setup.timeout.max.ms = 30000
	socket.connection.setup.timeout.ms = 10000
	ssl.cipher.suites = null
	ssl.enabled.protocols = [TLSv1.2, TLSv1.3]
	ssl.endpoint.identification.algorithm = https
	ssl.engine.factory.class = null
	ssl.key.password = null
	ssl.keymanager.algorithm = SunX509
	ssl.keystore.certificate.chain = null
	ssl.keystore.key = null
	ssl.keystore.location = null
	ssl.keystore.password = null
	ssl.keystore.type = JKS
	ssl.protocol = TLSv1.3
	ssl.provider = null
	ssl.secure.random.implementation = null
	ssl.trustmanager.algorithm = PKIX
	ssl.truststore.certificates = null
	ssl.truststore.location = null
	ssl.truststore.password = null
	ssl.truststore.type = JKS
	value.deserializer = class org.apache.kafka.common.serialization.StringDeserializer

2026-07-06T10:56:05.912+09:00  INFO 90047 --- [tech-and-job-rss-reader] [           main] o.a.k.c.t.i.KafkaMetricsCollector        : initializing Kafka metrics collector
2026-07-06T10:56:05.914+09:00  INFO 90047 --- [tech-and-job-rss-reader] [           main] o.a.kafka.common.utils.AppInfoParser     : Kafka version: 3.9.1
2026-07-06T10:56:05.914+09:00  INFO 90047 --- [tech-and-job-rss-reader] [           main] o.a.kafka.common.utils.AppInfoParser     : Kafka commitId: f745dfdcee2b9851
2026-07-06T10:56:05.914+09:00  INFO 90047 --- [tech-and-job-rss-reader] [           main] o.a.kafka.common.utils.AppInfoParser     : Kafka startTimeMs: 1783302965914
2026-07-06T10:56:05.914+09:00  INFO 90047 --- [tech-and-job-rss-reader] [           main] o.a.k.c.c.i.ClassicKafkaConsumer         : [Consumer clientId=consumer-live-2, groupId=live] Subscribed to topic(s): rss.items
2026-07-06T10:56:05.918+09:00  INFO 90047 --- [tech-and-job-rss-reader] [           main] d.rockyh.rsswatch.RssWatchApplicationKt  : Started RssWatchApplicationKt in 1.141 seconds (process running for 1.253)
2026-07-06T10:56:06.038+09:00  INFO 90047 --- [tech-and-job-rss-reader] [     sink-0-C-1] org.apache.kafka.clients.Metadata        : [Consumer clientId=consumer-sink-1, groupId=sink] Cluster ID: bNOKlPo8R0Gn-Evx3rNT8w
2026-07-06T10:56:06.038+09:00  INFO 90047 --- [tech-and-job-rss-reader] [     live-0-C-1] org.apache.kafka.clients.Metadata        : [Consumer clientId=consumer-live-2, groupId=live] Cluster ID: bNOKlPo8R0Gn-Evx3rNT8w
2026-07-06T10:56:06.040+09:00  INFO 90047 --- [tech-and-job-rss-reader] [     live-0-C-1] o.a.k.c.c.internals.ConsumerCoordinator  : [Consumer clientId=consumer-live-2, groupId=live] Discovered group coordinator localhost:9092 (id: 2147483646 rack: null)
2026-07-06T10:56:06.040+09:00  INFO 90047 --- [tech-and-job-rss-reader] [     sink-0-C-1] o.a.k.c.c.internals.ConsumerCoordinator  : [Consumer clientId=consumer-sink-1, groupId=sink] Discovered group coordinator localhost:9092 (id: 2147483646 rack: null)
2026-07-06T10:56:06.040+09:00  INFO 90047 --- [tech-and-job-rss-reader] [     sink-0-C-1] o.a.k.c.c.internals.ConsumerCoordinator  : [Consumer clientId=consumer-sink-1, groupId=sink] (Re-)joining group
2026-07-06T10:56:06.040+09:00  INFO 90047 --- [tech-and-job-rss-reader] [     live-0-C-1] o.a.k.c.c.internals.ConsumerCoordinator  : [Consumer clientId=consumer-live-2, groupId=live] (Re-)joining group
2026-07-06T10:56:06.056+09:00  INFO 90047 --- [tech-and-job-rss-reader] [     live-0-C-1] o.a.k.c.c.internals.ConsumerCoordinator  : [Consumer clientId=consumer-live-2, groupId=live] Request joining group due to: need to re-join with the given member-id: consumer-live-2-6cd59d1a-22be-45e1-8075-544934d9d809
2026-07-06T10:56:06.056+09:00  INFO 90047 --- [tech-and-job-rss-reader] [     sink-0-C-1] o.a.k.c.c.internals.ConsumerCoordinator  : [Consumer clientId=consumer-sink-1, groupId=sink] Request joining group due to: need to re-join with the given member-id: consumer-sink-1-626b6938-64d1-4f32-8438-4fd9f6b51751
2026-07-06T10:56:06.057+09:00  INFO 90047 --- [tech-and-job-rss-reader] [     live-0-C-1] o.a.k.c.c.internals.ConsumerCoordinator  : [Consumer clientId=consumer-live-2, groupId=live] (Re-)joining group
2026-07-06T10:56:06.057+09:00  INFO 90047 --- [tech-and-job-rss-reader] [     sink-0-C-1] o.a.k.c.c.internals.ConsumerCoordinator  : [Consumer clientId=consumer-sink-1, groupId=sink] (Re-)joining group
2026-07-06T10:56:07.066+09:00  INFO 90047 --- [tech-and-job-rss-reader] [nio-8080-exec-1] o.a.c.c.C.[Tomcat].[localhost].[/]       : Initializing Spring DispatcherServlet 'dispatcherServlet'
2026-07-06T10:56:07.066+09:00  INFO 90047 --- [tech-and-job-rss-reader] [nio-8080-exec-1] o.s.web.servlet.DispatcherServlet        : Initializing Servlet 'dispatcherServlet'
2026-07-06T10:56:07.067+09:00  INFO 90047 --- [tech-and-job-rss-reader] [nio-8080-exec-1] o.s.web.servlet.DispatcherServlet        : Completed initialization in 1 ms
2026-07-06T10:56:09.065+09:00  INFO 90047 --- [tech-and-job-rss-reader] [     sink-0-C-1] o.a.k.c.c.internals.ConsumerCoordinator  : [Consumer clientId=consumer-sink-1, groupId=sink] Successfully joined group with generation Generation{generationId=9, memberId='consumer-sink-1-626b6938-64d1-4f32-8438-4fd9f6b51751', protocol='range'}
2026-07-06T10:56:09.065+09:00  INFO 90047 --- [tech-and-job-rss-reader] [     live-0-C-1] o.a.k.c.c.internals.ConsumerCoordinator  : [Consumer clientId=consumer-live-2, groupId=live] Successfully joined group with generation Generation{generationId=9, memberId='consumer-live-2-6cd59d1a-22be-45e1-8075-544934d9d809', protocol='range'}
2026-07-06T10:56:09.071+09:00  INFO 90047 --- [tech-and-job-rss-reader] [     live-0-C-1] o.a.k.c.c.internals.ConsumerCoordinator  : [Consumer clientId=consumer-live-2, groupId=live] Finished assignment for group at generation 9: {consumer-live-2-6cd59d1a-22be-45e1-8075-544934d9d809=Assignment(partitions=[rss.items-0, rss.items-1, rss.items-2])}
2026-07-06T10:56:09.071+09:00  INFO 90047 --- [tech-and-job-rss-reader] [     sink-0-C-1] o.a.k.c.c.internals.ConsumerCoordinator  : [Consumer clientId=consumer-sink-1, groupId=sink] Finished assignment for group at generation 9: {consumer-sink-1-626b6938-64d1-4f32-8438-4fd9f6b51751=Assignment(partitions=[rss.items-0, rss.items-1, rss.items-2])}
2026-07-06T10:56:09.079+09:00  INFO 90047 --- [tech-and-job-rss-reader] [     live-0-C-1] o.a.k.c.c.internals.ConsumerCoordinator  : [Consumer clientId=consumer-live-2, groupId=live] Successfully synced group in generation Generation{generationId=9, memberId='consumer-live-2-6cd59d1a-22be-45e1-8075-544934d9d809', protocol='range'}
2026-07-06T10:56:09.079+09:00  INFO 90047 --- [tech-and-job-rss-reader] [     sink-0-C-1] o.a.k.c.c.internals.ConsumerCoordinator  : [Consumer clientId=consumer-sink-1, groupId=sink] Successfully synced group in generation Generation{generationId=9, memberId='consumer-sink-1-626b6938-64d1-4f32-8438-4fd9f6b51751', protocol='range'}
2026-07-06T10:56:09.079+09:00  INFO 90047 --- [tech-and-job-rss-reader] [     live-0-C-1] o.a.k.c.c.internals.ConsumerCoordinator  : [Consumer clientId=consumer-live-2, groupId=live] Notifying assignor about the new Assignment(partitions=[rss.items-0, rss.items-1, rss.items-2])
2026-07-06T10:56:09.079+09:00  INFO 90047 --- [tech-and-job-rss-reader] [     sink-0-C-1] o.a.k.c.c.internals.ConsumerCoordinator  : [Consumer clientId=consumer-sink-1, groupId=sink] Notifying assignor about the new Assignment(partitions=[rss.items-0, rss.items-1, rss.items-2])
2026-07-06T10:56:09.080+09:00  INFO 90047 --- [tech-and-job-rss-reader] [     live-0-C-1] k.c.c.i.ConsumerRebalanceListenerInvoker : [Consumer clientId=consumer-live-2, groupId=live] Adding newly assigned partitions: rss.items-0, rss.items-1, rss.items-2
2026-07-06T10:56:09.080+09:00  INFO 90047 --- [tech-and-job-rss-reader] [     sink-0-C-1] k.c.c.i.ConsumerRebalanceListenerInvoker : [Consumer clientId=consumer-sink-1, groupId=sink] Adding newly assigned partitions: rss.items-0, rss.items-1, rss.items-2
2026-07-06T10:56:09.084+09:00  INFO 90047 --- [tech-and-job-rss-reader] [     sink-0-C-1] o.a.k.c.c.internals.ConsumerUtils        : Setting offset for partition rss.items-2 to the committed offset FetchPosition{offset=360, offsetEpoch=Optional.empty, currentLeader=LeaderAndEpoch{leader=Optional[localhost:9092 (id: 1 rack: null)], epoch=0}}
2026-07-06T10:56:09.084+09:00  INFO 90047 --- [tech-and-job-rss-reader] [     sink-0-C-1] o.a.k.c.c.internals.ConsumerUtils        : Setting offset for partition rss.items-1 to the committed offset FetchPosition{offset=681, offsetEpoch=Optional.empty, currentLeader=LeaderAndEpoch{leader=Optional[localhost:9092 (id: 1 rack: null)], epoch=0}}
2026-07-06T10:56:09.084+09:00  INFO 90047 --- [tech-and-job-rss-reader] [     sink-0-C-1] o.a.k.c.c.internals.ConsumerUtils        : Setting offset for partition rss.items-0 to the committed offset FetchPosition{offset=80, offsetEpoch=Optional.empty, currentLeader=LeaderAndEpoch{leader=Optional[localhost:9092 (id: 1 rack: null)], epoch=0}}
2026-07-06T10:56:09.084+09:00  INFO 90047 --- [tech-and-job-rss-reader] [     sink-0-C-1] o.s.k.l.KafkaMessageListenerContainer    : sink: partitions assigned: [rss.items-0, rss.items-1, rss.items-2]
2026-07-06T10:56:09.084+09:00  INFO 90047 --- [tech-and-job-rss-reader] [     live-0-C-1] o.a.k.c.c.internals.ConsumerUtils        : Setting offset for partition rss.items-2 to the committed offset FetchPosition{offset=360, offsetEpoch=Optional.empty, currentLeader=LeaderAndEpoch{leader=Optional[localhost:9092 (id: 1 rack: null)], epoch=0}}
2026-07-06T10:56:09.084+09:00  INFO 90047 --- [tech-and-job-rss-reader] [     live-0-C-1] o.a.k.c.c.internals.ConsumerUtils        : Setting offset for partition rss.items-1 to the committed offset FetchPosition{offset=681, offsetEpoch=Optional.empty, currentLeader=LeaderAndEpoch{leader=Optional[localhost:9092 (id: 1 rack: null)], epoch=0}}
2026-07-06T10:56:09.085+09:00  INFO 90047 --- [tech-and-job-rss-reader] [     live-0-C-1] o.a.k.c.c.internals.ConsumerUtils        : Setting offset for partition rss.items-0 to the committed offset FetchPosition{offset=80, offsetEpoch=Optional.empty, currentLeader=LeaderAndEpoch{leader=Optional[localhost:9092 (id: 1 rack: null)], epoch=0}}
2026-07-06T10:56:09.085+09:00  INFO 90047 --- [tech-and-job-rss-reader] [     live-0-C-1] o.s.k.l.KafkaMessageListenerContainer    : live: partitions assigned: [rss.items-0, rss.items-1, rss.items-2]
2026-07-06T10:56:16.200+09:00  INFO 90047 --- [tech-and-job-rss-reader] [   scheduling-1] o.a.k.clients.producer.ProducerConfig    : ProducerConfig values: 
	acks = -1
	auto.include.jmx.reporter = true
	batch.size = 16384
	bootstrap.servers = [localhost:9092]
	buffer.memory = 33554432
	client.dns.lookup = use_all_dns_ips
	client.id = producer-1
	compression.gzip.level = -1
	compression.lz4.level = 9
	compression.type = none
	compression.zstd.level = 3
	connections.max.idle.ms = 540000
	delivery.timeout.ms = 120000
	enable.idempotence = true
	enable.metrics.push = true
	interceptor.classes = []
	key.serializer = class org.apache.kafka.common.serialization.StringSerializer
	linger.ms = 0
	max.block.ms = 60000
	max.in.flight.requests.per.connection = 5
	max.request.size = 1048576
	metadata.max.age.ms = 300000
	metadata.max.idle.ms = 300000
	metadata.recovery.strategy = none
	metric.reporters = []
	metrics.num.samples = 2
	metrics.recording.level = INFO
	metrics.sample.window.ms = 30000
	partitioner.adaptive.partitioning.enable = true
	partitioner.availability.timeout.ms = 0
	partitioner.class = null
	partitioner.ignore.keys = false
	receive.buffer.bytes = 32768
	reconnect.backoff.max.ms = 1000
	reconnect.backoff.ms = 50
	request.timeout.ms = 30000
	retries = 2147483647
	retry.backoff.max.ms = 1000
	retry.backoff.ms = 100
	sasl.client.callback.handler.class = null
	sasl.jaas.config = null
	sasl.kerberos.kinit.cmd = /usr/bin/kinit
	sasl.kerberos.min.time.before.relogin = 60000
	sasl.kerberos.service.name = null
	sasl.kerberos.ticket.renew.jitter = 0.05
	sasl.kerberos.ticket.renew.window.factor = 0.8
	sasl.login.callback.handler.class = null
	sasl.login.class = null
	sasl.login.connect.timeout.ms = null
	sasl.login.read.timeout.ms = null
	sasl.login.refresh.buffer.seconds = 300
	sasl.login.refresh.min.period.seconds = 60
	sasl.login.refresh.window.factor = 0.8
	sasl.login.refresh.window.jitter = 0.05
	sasl.login.retry.backoff.max.ms = 10000
	sasl.login.retry.backoff.ms = 100
	sasl.mechanism = GSSAPI
	sasl.oauthbearer.clock.skew.seconds = 30
	sasl.oauthbearer.expected.audience = null
	sasl.oauthbearer.expected.issuer = null
	sasl.oauthbearer.header.urlencode = false
	sasl.oauthbearer.jwks.endpoint.refresh.ms = 3600000
	sasl.oauthbearer.jwks.endpoint.retry.backoff.max.ms = 10000
	sasl.oauthbearer.jwks.endpoint.retry.backoff.ms = 100
	sasl.oauthbearer.jwks.endpoint.url = null
	sasl.oauthbearer.scope.claim.name = scope
	sasl.oauthbearer.sub.claim.name = sub
	sasl.oauthbearer.token.endpoint.url = null
	security.protocol = PLAINTEXT
	security.providers = null
	send.buffer.bytes = 131072
	socket.connection.setup.timeout.max.ms = 30000
	socket.connection.setup.timeout.ms = 10000
	ssl.cipher.suites = null
	ssl.enabled.protocols = [TLSv1.2, TLSv1.3]
	ssl.endpoint.identification.algorithm = https
	ssl.engine.factory.class = null
	ssl.key.password = null
	ssl.keymanager.algorithm = SunX509
	ssl.keystore.certificate.chain = null
	ssl.keystore.key = null
	ssl.keystore.location = null
	ssl.keystore.password = null
	ssl.keystore.type = JKS
	ssl.protocol = TLSv1.3
	ssl.provider = null
	ssl.secure.random.implementation = null
	ssl.trustmanager.algorithm = PKIX
	ssl.truststore.certificates = null
	ssl.truststore.location = null
	ssl.truststore.password = null
	ssl.truststore.type = JKS
	transaction.timeout.ms = 60000
	transactional.id = null
	value.serializer = class org.apache.kafka.common.serialization.StringSerializer

2026-07-06T10:56:16.200+09:00  INFO 90047 --- [tech-and-job-rss-reader] [   scheduling-1] o.a.k.c.t.i.KafkaMetricsCollector        : initializing Kafka metrics collector
2026-07-06T10:56:16.206+09:00  INFO 90047 --- [tech-and-job-rss-reader] [   scheduling-1] o.a.k.clients.producer.KafkaProducer     : [Producer clientId=producer-1] Instantiated an idempotent producer.
2026-07-06T10:56:16.213+09:00  INFO 90047 --- [tech-and-job-rss-reader] [   scheduling-1] o.a.kafka.common.utils.AppInfoParser     : Kafka version: 3.9.1
2026-07-06T10:56:16.213+09:00  INFO 90047 --- [tech-and-job-rss-reader] [   scheduling-1] o.a.kafka.common.utils.AppInfoParser     : Kafka commitId: f745dfdcee2b9851
2026-07-06T10:56:16.213+09:00  INFO 90047 --- [tech-and-job-rss-reader] [   scheduling-1] o.a.kafka.common.utils.AppInfoParser     : Kafka startTimeMs: 1783302976213
2026-07-06T10:56:16.219+09:00  INFO 90047 --- [tech-and-job-rss-reader] [ad | producer-1] org.apache.kafka.clients.Metadata        : [Producer clientId=producer-1] Cluster ID: bNOKlPo8R0Gn-Evx3rNT8w
2026-07-06T10:56:16.220+09:00  INFO 90047 --- [tech-and-job-rss-reader] [ad | producer-1] o.a.k.c.p.internals.TransactionManager   : [Producer clientId=producer-1] ProducerId set to 5 with epoch 0
2026-07-06T10:56:16.278+09:00  INFO 90047 --- [tech-and-job-rss-reader] [     sink-0-C-1] d.r.r.a.application.StoreItemsUseCase    : stored 0 new items (8 received)
2026-07-06T10:56:16.285+09:00  INFO 90047 --- [tech-and-job-rss-reader] [     sink-0-C-1] d.r.r.a.application.StoreItemsUseCase    : stored 0 new items (3 received)
2026-07-06T10:56:16.325+09:00  INFO 90047 --- [tech-and-job-rss-reader] [     sink-0-C-1] d.r.r.a.application.StoreItemsUseCase    : stored 0 new items (19 received)
2026-07-06T10:56:16.361+09:00  INFO 90047 --- [tech-and-job-rss-reader] [     sink-0-C-1] d.r.r.a.application.StoreItemsUseCase    : stored 0 new items (1 received)
2026-07-06T10:56:16.368+09:00  INFO 90047 --- [tech-and-job-rss-reader] [     sink-0-C-1] d.r.r.a.application.StoreItemsUseCase    : stored 0 new items (2 received)
2026-07-06T10:56:16.389+09:00  INFO 90047 --- [tech-and-job-rss-reader] [     sink-0-C-1] d.r.r.a.application.StoreItemsUseCase    : stored 0 new items (7 received)
2026-07-06T10:56:16.406+09:00  INFO 90047 --- [tech-and-job-rss-reader] [     sink-0-C-1] d.r.r.a.application.StoreItemsUseCase    : stored 0 new items (4 received)
2026-07-06T10:56:16.433+09:00  INFO 90047 --- [tech-and-job-rss-reader] [     sink-0-C-1] d.r.r.a.application.StoreItemsUseCase    : stored 0 new items (6 received)
2026-07-06T10:56:16.608+09:00  INFO 90047 --- [tech-and-job-rss-reader] [     sink-0-C-1] d.r.r.a.application.StoreItemsUseCase    : stored 0 new items (2 received)
2026-07-06T10:56:16.619+09:00  INFO 90047 --- [tech-and-job-rss-reader] [     sink-0-C-1] d.r.r.a.application.StoreItemsUseCase    : stored 0 new items (6 received)
2026-07-06T10:56:16.638+09:00  INFO 90047 --- [tech-and-job-rss-reader] [     sink-0-C-1] d.r.r.a.application.StoreItemsUseCase    : stored 0 new items (22 received)
2026-07-06T10:56:16.741+09:00  INFO 90047 --- [tech-and-job-rss-reader] [     sink-0-C-1] d.r.r.a.application.StoreItemsUseCase    : stored 0 new items (1 received)
2026-07-06T10:56:16.749+09:00  INFO 90047 --- [tech-and-job-rss-reader] [     sink-0-C-1] d.r.r.a.application.StoreItemsUseCase    : stored 0 new items (2 received)
2026-07-06T10:56:16.757+09:00  INFO 90047 --- [tech-and-job-rss-reader] [     sink-0-C-1] d.r.r.a.application.StoreItemsUseCase    : stored 0 new items (8 received)
2026-07-06T10:56:16.761+09:00  INFO 90047 --- [tech-and-job-rss-reader] [     sink-0-C-1] d.r.r.a.application.StoreItemsUseCase    : stored 0 new items (4 received)
2026-07-06T10:56:17.792+09:00  INFO 90047 --- [tech-and-job-rss-reader] [     sink-0-C-1] d.r.r.a.application.StoreItemsUseCase    : stored 0 new items (1 received)
2026-07-06T10:56:17.797+09:00  INFO 90047 --- [tech-and-job-rss-reader] [     sink-0-C-1] d.r.r.a.application.StoreItemsUseCase    : stored 0 new items (2 received)
2026-07-06T10:56:17.802+09:00  INFO 90047 --- [tech-and-job-rss-reader] [     sink-0-C-1] d.r.r.a.application.StoreItemsUseCase    : stored 0 new items (3 received)
2026-07-06T10:56:17.809+09:00  INFO 90047 --- [tech-and-job-rss-reader] [     sink-0-C-1] d.r.r.a.application.StoreItemsUseCase    : stored 0 new items (3 received)
2026-07-06T10:56:17.813+09:00  INFO 90047 --- [tech-and-job-rss-reader] [     sink-0-C-1] d.r.r.a.application.StoreItemsUseCase    : stored 0 new items (2 received)
2026-07-06T10:56:17.818+09:00  INFO 90047 --- [tech-and-job-rss-reader] [     sink-0-C-1] d.r.r.a.application.StoreItemsUseCase    : stored 0 new items (4 received)
2026-07-06T10:56:17.821+09:00  INFO 90047 --- [tech-and-job-rss-reader] [     sink-0-C-1] d.r.r.a.application.StoreItemsUseCase    : stored 0 new items (3 received)
2026-07-06T10:56:17.823+09:00  INFO 90047 --- [tech-and-job-rss-reader] [     sink-0-C-1] d.r.r.a.application.StoreItemsUseCase    : stored 0 new items (2 received)
2026-07-06T10:56:18.010+09:00  INFO 90047 --- [tech-and-job-rss-reader] [     sink-0-C-1] d.r.r.a.application.StoreItemsUseCase    : stored 0 new items (1 received)
2026-07-06T10:56:18.016+09:00  INFO 90047 --- [tech-and-job-rss-reader] [     sink-0-C-1] d.r.r.a.application.StoreItemsUseCase    : stored 0 new items (1 received)
2026-07-06T10:56:18.025+09:00  INFO 90047 --- [tech-and-job-rss-reader] [     sink-0-C-1] d.r.r.a.application.StoreItemsUseCase    : stored 0 new items (4 received)
2026-07-06T10:56:18.032+09:00  INFO 90047 --- [tech-and-job-rss-reader] [     sink-0-C-1] d.r.r.a.application.StoreItemsUseCase    : stored 0 new items (4 received)
2026-07-06T10:56:18.037+09:00  INFO 90047 --- [tech-and-job-rss-reader] [     sink-0-C-1] d.r.r.a.application.StoreItemsUseCase    : stored 0 new items (6 received)
2026-07-06T10:56:18.042+09:00  INFO 90047 --- [tech-and-job-rss-reader] [     sink-0-C-1] d.r.r.a.application.StoreItemsUseCase    : stored 0 new items (4 received)
2026-07-06T10:56:18.234+09:00  INFO 90047 --- [tech-and-job-rss-reader] [     sink-0-C-1] d.r.r.a.application.StoreItemsUseCase    : stored 0 new items (1 received)
2026-07-06T10:56:18.237+09:00  INFO 90047 --- [tech-and-job-rss-reader] [     sink-0-C-1] d.r.r.a.application.StoreItemsUseCase    : stored 0 new items (1 received)
2026-07-06T10:56:18.246+09:00  INFO 90047 --- [tech-and-job-rss-reader] [     sink-0-C-1] d.r.r.a.application.StoreItemsUseCase    : stored 0 new items (1 received)
2026-07-06T10:56:18.252+09:00  INFO 90047 --- [tech-and-job-rss-reader] [     sink-0-C-1] d.r.r.a.application.StoreItemsUseCase    : stored 0 new items (1 received)
2026-07-06T10:56:18.255+09:00  INFO 90047 --- [tech-and-job-rss-reader] [     sink-0-C-1] d.r.r.a.application.StoreItemsUseCase    : stored 0 new items (1 received)
2026-07-06T10:56:18.258+09:00  INFO 90047 --- [tech-and-job-rss-reader] [     sink-0-C-1] d.r.r.a.application.StoreItemsUseCase    : stored 0 new items (1 received)
2026-07-06T10:56:18.259+09:00  INFO 90047 --- [tech-and-job-rss-reader] [     sink-0-C-1] d.r.r.a.application.StoreItemsUseCase    : stored 0 new items (1 received)
2026-07-06T10:56:18.264+09:00  INFO 90047 --- [tech-and-job-rss-reader] [     sink-0-C-1] d.r.r.a.application.StoreItemsUseCase    : stored 0 new items (1 received)
2026-07-06T10:56:18.266+09:00  INFO 90047 --- [tech-and-job-rss-reader] [     sink-0-C-1] d.r.r.a.application.StoreItemsUseCase    : stored 0 new items (1 received)
2026-07-06T10:56:18.273+09:00  INFO 90047 --- [tech-and-job-rss-reader] [     sink-0-C-1] d.r.r.a.application.StoreItemsUseCase    : stored 0 new items (1 received)
2026-07-06T10:56:18.275+09:00  INFO 90047 --- [tech-and-job-rss-reader] [     sink-0-C-1] d.r.r.a.application.StoreItemsUseCase    : stored 0 new items (1 received)
2026-07-06T10:56:18.283+09:00  INFO 90047 --- [tech-and-job-rss-reader] [     sink-0-C-1] d.r.r.a.application.StoreItemsUseCase    : stored 0 new items (2 received)
2026-07-06T10:56:18.286+09:00  INFO 90047 --- [tech-and-job-rss-reader] [     sink-0-C-1] d.r.r.a.application.StoreItemsUseCase    : stored 0 new items (2 received)
2026-07-06T10:56:18.290+09:00  INFO 90047 --- [tech-and-job-rss-reader] [     sink-0-C-1] d.r.r.a.application.StoreItemsUseCase    : stored 0 new items (2 received)
2026-07-06T10:56:18.293+09:00  INFO 90047 --- [tech-and-job-rss-reader] [     sink-0-C-1] d.r.r.a.application.StoreItemsUseCase    : stored 0 new items (1 received)
2026-07-06T10:56:18.298+09:00  INFO 90047 --- [tech-and-job-rss-reader] [     sink-0-C-1] d.r.r.a.application.StoreItemsUseCase    : stored 0 new items (2 received)
2026-07-06T10:56:18.626+09:00  INFO 90047 --- [tech-and-job-rss-reader] [     sink-0-C-1] d.r.r.a.application.StoreItemsUseCase    : stored 0 new items (1 received)
2026-07-06T10:56:18.631+09:00  INFO 90047 --- [tech-and-job-rss-reader] [     sink-0-C-1] d.r.r.a.application.StoreItemsUseCase    : stored 0 new items (1 received)
2026-07-06T10:56:18.637+09:00  INFO 90047 --- [tech-and-job-rss-reader] [     sink-0-C-1] d.r.r.a.application.StoreItemsUseCase    : stored 0 new items (1 received)
2026-07-06T10:56:18.662+09:00  INFO 90047 --- [tech-and-job-rss-reader] [     sink-0-C-1] d.r.r.a.application.StoreItemsUseCase    : stored 0 new items (1 received)
2026-07-06T10:56:18.667+09:00  INFO 90047 --- [tech-and-job-rss-reader] [     sink-0-C-1] d.r.r.a.application.StoreItemsUseCase    : stored 0 new items (1 received)
2026-07-06T10:56:18.682+09:00  INFO 90047 --- [tech-and-job-rss-reader] [     sink-0-C-1] d.r.r.a.application.StoreItemsUseCase    : stored 0 new items (1 received)
2026-07-06T10:56:18.702+09:00  INFO 90047 --- [tech-and-job-rss-reader] [     sink-0-C-1] d.r.r.a.application.StoreItemsUseCase    : stored 0 new items (1 received)
2026-07-06T10:56:18.725+09:00  INFO 90047 --- [tech-and-job-rss-reader] [     sink-0-C-1] d.r.r.a.application.StoreItemsUseCase    : stored 0 new items (1 received)
2026-07-06T10:56:18.737+09:00  INFO 90047 --- [tech-and-job-rss-reader] [     sink-0-C-1] d.r.r.a.application.StoreItemsUseCase    : stored 0 new items (1 received)
2026-07-06T10:56:18.757+09:00  INFO 90047 --- [tech-and-job-rss-reader] [     sink-0-C-1] d.r.r.a.application.StoreItemsUseCase    : stored 0 new items (1 received)
2026-07-06T10:56:18.763+09:00  INFO 90047 --- [tech-and-job-rss-reader] [     sink-0-C-1] d.r.r.a.application.StoreItemsUseCase    : stored 0 new items (1 received)
2026-07-06T10:56:18.771+09:00  INFO 90047 --- [tech-and-job-rss-reader] [     sink-0-C-1] d.r.r.a.application.StoreItemsUseCase    : stored 0 new items (1 received)
2026-07-06T10:56:18.785+09:00  INFO 90047 --- [tech-and-job-rss-reader] [     sink-0-C-1] d.r.r.a.application.StoreItemsUseCase    : stored 0 new items (1 received)
2026-07-06T10:56:18.797+09:00  INFO 90047 --- [tech-and-job-rss-reader] [     sink-0-C-1] d.r.r.a.application.StoreItemsUseCase    : stored 0 new items (1 received)
2026-07-06T10:56:18.804+09:00  INFO 90047 --- [tech-and-job-rss-reader] [     sink-0-C-1] d.r.r.a.application.StoreItemsUseCase    : stored 0 new items (1 received)
2026-07-06T10:56:18.815+09:00  INFO 90047 --- [tech-and-job-rss-reader] [     sink-0-C-1] d.r.r.a.application.StoreItemsUseCase    : stored 0 new items (1 received)
2026-07-06T10:56:18.821+09:00  INFO 90047 --- [tech-and-job-rss-reader] [     sink-0-C-1] d.r.r.a.application.StoreItemsUseCase    : stored 0 new items (1 received)
2026-07-06T10:56:18.831+09:00  INFO 90047 --- [tech-and-job-rss-reader] [     sink-0-C-1] d.r.r.a.application.StoreItemsUseCase    : stored 0 new items (1 received)
2026-07-06T10:56:18.842+09:00  INFO 90047 --- [tech-and-job-rss-reader] [     sink-0-C-1] d.r.r.a.application.StoreItemsUseCase    : stored 0 new items (1 received)
2026-07-06T10:56:18.857+09:00  INFO 90047 --- [tech-and-job-rss-reader] [     sink-0-C-1] d.r.r.a.application.StoreItemsUseCase    : stored 0 new items (1 received)
2026-07-06T10:56:18.865+09:00  INFO 90047 --- [tech-and-job-rss-reader] [     sink-0-C-1] d.r.r.a.application.StoreItemsUseCase    : stored 0 new items (1 received)
2026-07-06T10:56:18.886+09:00  INFO 90047 --- [tech-and-job-rss-reader] [     sink-0-C-1] d.r.r.a.application.StoreItemsUseCase    : stored 0 new items (1 received)
2026-07-06T10:56:18.893+09:00  INFO 90047 --- [tech-and-job-rss-reader] [     sink-0-C-1] d.r.r.a.application.StoreItemsUseCase    : stored 0 new items (1 received)
2026-07-06T10:56:18.900+09:00  INFO 90047 --- [tech-and-job-rss-reader] [     sink-0-C-1] d.r.r.a.application.StoreItemsUseCase    : stored 0 new items (1 received)
2026-07-06T10:56:18.935+09:00  INFO 90047 --- [tech-and-job-rss-reader] [     sink-0-C-1] d.r.r.a.application.StoreItemsUseCase    : stored 0 new items (1 received)
2026-07-06T10:56:20.376+09:00  INFO 90047 --- [tech-and-job-rss-reader] [     sink-0-C-1] d.r.r.a.application.StoreItemsUseCase    : stored 0 new items (1 received)
2026-07-06T10:56:20.398+09:00  INFO 90047 --- [tech-and-job-rss-reader] [     sink-0-C-1] d.r.r.a.application.StoreItemsUseCase    : stored 0 new items (1 received)
2026-07-06T10:56:20.401+09:00  INFO 90047 --- [tech-and-job-rss-reader] [     sink-0-C-1] d.r.r.a.application.StoreItemsUseCase    : stored 0 new items (1 received)
2026-07-06T10:56:20.410+09:00  INFO 90047 --- [tech-and-job-rss-reader] [     sink-0-C-1] d.r.r.a.application.StoreItemsUseCase    : stored 0 new items (1 received)
2026-07-06T10:56:20.417+09:00  INFO 90047 --- [tech-and-job-rss-reader] [     sink-0-C-1] d.r.r.a.application.StoreItemsUseCase    : stored 0 new items (1 received)
2026-07-06T10:56:20.424+09:00  INFO 90047 --- [tech-and-job-rss-reader] [     sink-0-C-1] d.r.r.a.application.StoreItemsUseCase    : stored 0 new items (1 received)
2026-07-06T10:56:20.426+09:00  INFO 90047 --- [tech-and-job-rss-reader] [     sink-0-C-1] d.r.r.a.application.StoreItemsUseCase    : stored 0 new items (1 received)
2026-07-06T10:56:20.438+09:00  INFO 90047 --- [tech-and-job-rss-reader] [     sink-0-C-1] d.r.r.a.application.StoreItemsUseCase    : stored 0 new items (1 received)
2026-07-06T10:56:20.464+09:00  INFO 90047 --- [tech-and-job-rss-reader] [     sink-0-C-1] d.r.r.a.application.StoreItemsUseCase    : stored 0 new items (1 received)
2026-07-06T10:56:20.477+09:00  INFO 90047 --- [tech-and-job-rss-reader] [     sink-0-C-1] d.r.r.a.application.StoreItemsUseCase    : stored 0 new items (1 received)
2026-07-06T10:56:20.487+09:00  INFO 90047 --- [tech-and-job-rss-reader] [     sink-0-C-1] d.r.r.a.application.StoreItemsUseCase    : stored 0 new items (1 received)
2026-07-06T10:56:20.500+09:00  INFO 90047 --- [tech-and-job-rss-reader] [     sink-0-C-1] d.r.r.a.application.StoreItemsUseCase    : stored 0 new items (1 received)
2026-07-06T10:56:20.511+09:00  INFO 90047 --- [tech-and-job-rss-reader] [     sink-0-C-1] d.r.r.a.application.StoreItemsUseCase    : stored 0 new items (1 received)
2026-07-06T10:56:20.519+09:00  INFO 90047 --- [tech-and-job-rss-reader] [     sink-0-C-1] d.r.r.a.application.StoreItemsUseCase    : stored 0 new items (1 received)
2026-07-06T10:56:20.528+09:00  INFO 90047 --- [tech-and-job-rss-reader] [     sink-0-C-1] d.r.r.a.application.StoreItemsUseCase    : stored 0 new items (1 received)
2026-07-06T10:56:20.531+09:00  INFO 90047 --- [tech-and-job-rss-reader] [     sink-0-C-1] d.r.r.a.application.StoreItemsUseCase    : stored 0 new items (1 received)
2026-07-06T10:56:20.544+09:00  INFO 90047 --- [tech-and-job-rss-reader] [     sink-0-C-1] d.r.r.a.application.StoreItemsUseCase    : stored 0 new items (1 received)
2026-07-06T10:56:20.555+09:00  INFO 90047 --- [tech-and-job-rss-reader] [     sink-0-C-1] d.r.r.a.application.StoreItemsUseCase    : stored 0 new items (1 received)
2026-07-06T10:56:20.559+09:00  INFO 90047 --- [tech-and-job-rss-reader] [     sink-0-C-1] d.r.r.a.application.StoreItemsUseCase    : stored 0 new items (1 received)
2026-07-06T10:56:20.583+09:00  INFO 90047 --- [tech-and-job-rss-reader] [     sink-0-C-1] d.r.r.a.application.StoreItemsUseCase    : stored 0 new items (1 received)
2026-07-06T10:56:20.609+09:00  INFO 90047 --- [tech-and-job-rss-reader] [     sink-0-C-1] d.r.r.a.application.StoreItemsUseCase    : stored 0 new items (1 received)
2026-07-06T10:56:20.613+09:00  INFO 90047 --- [tech-and-job-rss-reader] [     sink-0-C-1] d.r.r.a.application.StoreItemsUseCase    : stored 0 new items (1 received)
2026-07-06T10:56:20.620+09:00  INFO 90047 --- [tech-and-job-rss-reader] [     sink-0-C-1] d.r.r.a.application.StoreItemsUseCase    : stored 0 new items (1 received)
2026-07-06T10:56:20.632+09:00  INFO 90047 --- [tech-and-job-rss-reader] [     sink-0-C-1] d.r.r.a.application.StoreItemsUseCase    : stored 0 new items (1 received)
2026-07-06T10:56:20.641+09:00  INFO 90047 --- [tech-and-job-rss-reader] [     sink-0-C-1] d.r.r.a.application.StoreItemsUseCase    : stored 0 new items (1 received)
2026-07-06T10:56:20.652+09:00  INFO 90047 --- [tech-and-job-rss-reader] [     sink-0-C-1] d.r.r.a.application.StoreItemsUseCase    : stored 0 new items (1 received)
2026-07-06T10:56:20.666+09:00  INFO 90047 --- [tech-and-job-rss-reader] [     sink-0-C-1] d.r.r.a.application.StoreItemsUseCase    : stored 0 new items (1 received)
2026-07-06T10:56:20.681+09:00  INFO 90047 --- [tech-and-job-rss-reader] [     sink-0-C-1] d.r.r.a.application.StoreItemsUseCase    : stored 0 new items (1 received)
2026-07-06T10:56:20.697+09:00  INFO 90047 --- [tech-and-job-rss-reader] [     sink-0-C-1] d.r.r.a.application.StoreItemsUseCase    : stored 0 new items (1 received)
2026-07-06T10:56:20.704+09:00  INFO 90047 --- [tech-and-job-rss-reader] [     sink-0-C-1] d.r.r.a.application.StoreItemsUseCase    : stored 0 new items (1 received)
2026-07-06T10:56:20.724+09:00  INFO 90047 --- [tech-and-job-rss-reader] [     sink-0-C-1] d.r.r.a.application.StoreItemsUseCase    : stored 0 new items (1 received)
2026-07-06T10:56:20.728+09:00  INFO 90047 --- [tech-and-job-rss-reader] [     sink-0-C-1] d.r.r.a.application.StoreItemsUseCase    : stored 0 new items (1 received)
2026-07-06T10:56:20.729+09:00  INFO 90047 --- [tech-and-job-rss-reader] [     sink-0-C-1] d.r.r.a.application.StoreItemsUseCase    : stored 0 new items (1 received)
2026-07-06T10:56:20.737+09:00  INFO 90047 --- [tech-and-job-rss-reader] [     sink-0-C-1] d.r.r.a.application.StoreItemsUseCase    : stored 0 new items (1 received)
2026-07-06T10:56:20.740+09:00  INFO 90047 --- [tech-and-job-rss-reader] [     sink-0-C-1] d.r.r.a.application.StoreItemsUseCase    : stored 0 new items (1 received)
2026-07-06T10:56:20.754+09:00  INFO 90047 --- [tech-and-job-rss-reader] [     sink-0-C-1] d.r.r.a.application.StoreItemsUseCase    : stored 0 new items (1 received)
2026-07-06T10:56:20.760+09:00  INFO 90047 --- [tech-and-job-rss-reader] [     sink-0-C-1] d.r.r.a.application.StoreItemsUseCase    : stored 0 new items (1 received)
2026-07-06T10:56:20.768+09:00  INFO 90047 --- [tech-and-job-rss-reader] [     sink-0-C-1] d.r.r.a.application.StoreItemsUseCase    : stored 0 new items (1 received)
2026-07-06T10:56:20.789+09:00  INFO 90047 --- [tech-and-job-rss-reader] [     sink-0-C-1] d.r.r.a.application.StoreItemsUseCase    : stored 0 new items (1 received)
2026-07-06T10:56:20.795+09:00  INFO 90047 --- [tech-and-job-rss-reader] [     sink-0-C-1] d.r.r.a.application.StoreItemsUseCase    : stored 0 new items (1 received)
2026-07-06T10:56:20.811+09:00  INFO 90047 --- [tech-and-job-rss-reader] [     sink-0-C-1] d.r.r.a.application.StoreItemsUseCase    : stored 0 new items (1 received)
2026-07-06T10:56:20.815+09:00  INFO 90047 --- [tech-and-job-rss-reader] [     sink-0-C-1] d.r.r.a.application.StoreItemsUseCase    : stored 0 new items (1 received)
2026-07-06T10:56:20.827+09:00  INFO 90047 --- [tech-and-job-rss-reader] [     sink-0-C-1] d.r.r.a.application.StoreItemsUseCase    : stored 0 new items (1 received)
2026-07-06T10:56:20.840+09:00  INFO 90047 --- [tech-and-job-rss-reader] [     sink-0-C-1] d.r.r.a.application.StoreItemsUseCase    : stored 0 new items (1 received)
2026-07-06T10:56:20.845+09:00  INFO 90047 --- [tech-and-job-rss-reader] [     sink-0-C-1] d.r.r.a.application.StoreItemsUseCase    : stored 0 new items (1 received)
2026-07-06T10:56:20.849+09:00  INFO 90047 --- [tech-and-job-rss-reader] [     sink-0-C-1] d.r.r.a.application.StoreItemsUseCase    : stored 0 new items (1 received)
2026-07-06T10:56:20.861+09:00  INFO 90047 --- [tech-and-job-rss-reader] [     sink-0-C-1] d.r.r.a.application.StoreItemsUseCase    : stored 0 new items (1 received)
2026-07-06T10:56:20.877+09:00  INFO 90047 --- [tech-and-job-rss-reader] [     sink-0-C-1] d.r.r.a.application.StoreItemsUseCase    : stored 0 new items (1 received)
2026-07-06T10:56:20.879+09:00  INFO 90047 --- [tech-and-job-rss-reader] [     sink-0-C-1] d.r.r.a.application.StoreItemsUseCase    : stored 0 new items (1 received)
2026-07-06T10:56:20.882+09:00  INFO 90047 --- [tech-and-job-rss-reader] [     sink-0-C-1] d.r.r.a.application.StoreItemsUseCase    : stored 0 new items (1 received)
2026-07-06T10:56:20.890+09:00  INFO 90047 --- [tech-and-job-rss-reader] [     sink-0-C-1] d.r.r.a.application.StoreItemsUseCase    : stored 0 new items (1 received)
2026-07-06T10:56:20.906+09:00  INFO 90047 --- [tech-and-job-rss-reader] [     sink-0-C-1] d.r.r.a.application.StoreItemsUseCase    : stored 0 new items (1 received)
2026-07-06T10:56:20.910+09:00  INFO 90047 --- [tech-and-job-rss-reader] [     sink-0-C-1] d.r.r.a.application.StoreItemsUseCase    : stored 0 new items (1 received)
2026-07-06T10:56:20.914+09:00  INFO 90047 --- [tech-and-job-rss-reader] [     sink-0-C-1] d.r.r.a.application.StoreItemsUseCase    : stored 0 new items (1 received)
2026-07-06T10:56:20.915+09:00  INFO 90047 --- [tech-and-job-rss-reader] [     sink-0-C-1] d.r.r.a.application.StoreItemsUseCase    : stored 0 new items (1 received)
2026-07-06T10:56:20.922+09:00  INFO 90047 --- [tech-and-job-rss-reader] [     sink-0-C-1] d.r.r.a.application.StoreItemsUseCase    : stored 0 new items (1 received)
2026-07-06T10:56:20.933+09:00  INFO 90047 --- [tech-and-job-rss-reader] [     sink-0-C-1] d.r.r.a.application.StoreItemsUseCase    : stored 0 new items (1 received)
2026-07-06T10:56:20.937+09:00  INFO 90047 --- [tech-and-job-rss-reader] [     sink-0-C-1] d.r.r.a.application.StoreItemsUseCase    : stored 0 new items (1 received)
2026-07-06T10:56:20.948+09:00  INFO 90047 --- [tech-and-job-rss-reader] [     sink-0-C-1] d.r.r.a.application.StoreItemsUseCase    : stored 0 new items (1 received)
2026-07-06T10:56:20.968+09:00  INFO 90047 --- [tech-and-job-rss-reader] [     sink-0-C-1] d.r.r.a.application.StoreItemsUseCase    : stored 0 new items (1 received)
2026-07-06T10:56:20.970+09:00  INFO 90047 --- [tech-and-job-rss-reader] [     sink-0-C-1] d.r.r.a.application.StoreItemsUseCase    : stored 0 new items (1 received)
2026-07-06T10:56:20.971+09:00  INFO 90047 --- [tech-and-job-rss-reader] [     sink-0-C-1] d.r.r.a.application.StoreItemsUseCase    : stored 0 new items (1 received)
2026-07-06T10:56:20.982+09:00  INFO 90047 --- [tech-and-job-rss-reader] [     sink-0-C-1] d.r.r.a.application.StoreItemsUseCase    : stored 0 new items (1 received)
2026-07-06T10:56:20.989+09:00  INFO 90047 --- [tech-and-job-rss-reader] [     sink-0-C-1] d.r.r.a.application.StoreItemsUseCase    : stored 0 new items (1 received)
2026-07-06T10:56:21.009+09:00  INFO 90047 --- [tech-and-job-rss-reader] [     sink-0-C-1] d.r.r.a.application.StoreItemsUseCase    : stored 0 new items (1 received)
2026-07-06T10:56:21.011+09:00  INFO 90047 --- [tech-and-job-rss-reader] [     sink-0-C-1] d.r.r.a.application.StoreItemsUseCase    : stored 0 new items (1 received)
2026-07-06T10:56:21.025+09:00  INFO 90047 --- [tech-and-job-rss-reader] [     sink-0-C-1] d.r.r.a.application.StoreItemsUseCase    : stored 0 new items (1 received)
2026-07-06T10:56:21.027+09:00  INFO 90047 --- [tech-and-job-rss-reader] [     sink-0-C-1] d.r.r.a.application.StoreItemsUseCase    : stored 0 new items (1 received)
2026-07-06T10:56:21.033+09:00  INFO 90047 --- [tech-and-job-rss-reader] [     sink-0-C-1] d.r.r.a.application.StoreItemsUseCase    : stored 0 new items (1 received)
2026-07-06T10:56:21.035+09:00  INFO 90047 --- [tech-and-job-rss-reader] [     sink-0-C-1] d.r.r.a.application.StoreItemsUseCase    : stored 0 new items (1 received)
2026-07-06T10:56:21.037+09:00  INFO 90047 --- [tech-and-job-rss-reader] [     sink-0-C-1] d.r.r.a.application.StoreItemsUseCase    : stored 0 new items (1 received)
2026-07-06T10:56:21.048+09:00  INFO 90047 --- [tech-and-job-rss-reader] [     sink-0-C-1] d.r.r.a.application.StoreItemsUseCase    : stored 0 new items (1 received)
2026-07-06T10:56:21.049+09:00  INFO 90047 --- [tech-and-job-rss-reader] [     sink-0-C-1] d.r.r.a.application.StoreItemsUseCase    : stored 0 new items (1 received)
2026-07-06T10:56:21.056+09:00  INFO 90047 --- [tech-and-job-rss-reader] [     sink-0-C-1] d.r.r.a.application.StoreItemsUseCase    : stored 0 new items (1 received)
2026-07-06T10:56:21.068+09:00  INFO 90047 --- [tech-and-job-rss-reader] [     sink-0-C-1] d.r.r.a.application.StoreItemsUseCase    : stored 0 new items (1 received)
2026-07-06T10:56:21.069+09:00  INFO 90047 --- [tech-and-job-rss-reader] [     sink-0-C-1] d.r.r.a.application.StoreItemsUseCase    : stored 0 new items (1 received)
2026-07-06T10:56:21.079+09:00  INFO 90047 --- [tech-and-job-rss-reader] [     sink-0-C-1] d.r.r.a.application.StoreItemsUseCase    : stored 0 new items (1 received)
2026-07-06T10:56:21.081+09:00  INFO 90047 --- [tech-and-job-rss-reader] [     sink-0-C-1] d.r.r.a.application.StoreItemsUseCase    : stored 0 new items (1 received)
2026-07-06T10:56:21.082+09:00  INFO 90047 --- [tech-and-job-rss-reader] [     sink-0-C-1] d.r.r.a.application.StoreItemsUseCase    : stored 0 new items (1 received)
2026-07-06T10:56:21.091+09:00  INFO 90047 --- [tech-and-job-rss-reader] [     sink-0-C-1] d.r.r.a.application.StoreItemsUseCase    : stored 0 new items (1 received)
2026-07-06T10:56:21.099+09:00  INFO 90047 --- [tech-and-job-rss-reader] [     sink-0-C-1] d.r.r.a.application.StoreItemsUseCase    : stored 0 new items (1 received)
2026-07-06T10:56:21.110+09:00  INFO 90047 --- [tech-and-job-rss-reader] [     sink-0-C-1] d.r.r.a.application.StoreItemsUseCase    : stored 0 new items (1 received)
2026-07-06T10:56:21.111+09:00  INFO 90047 --- [tech-and-job-rss-reader] [     sink-0-C-1] d.r.r.a.application.StoreItemsUseCase    : stored 0 new items (1 received)
2026-07-06T10:56:21.183+09:00  INFO 90047 --- [tech-and-job-rss-reader] [     sink-0-C-1] d.r.r.a.application.StoreItemsUseCase    : stored 0 new items (1 received)
2026-07-06T10:56:21.194+09:00  INFO 90047 --- [tech-and-job-rss-reader] [     sink-0-C-1] d.r.r.a.application.StoreItemsUseCase    : stored 0 new items (1 received)
2026-07-06T10:56:21.199+09:00  INFO 90047 --- [tech-and-job-rss-reader] [     sink-0-C-1] d.r.r.a.application.StoreItemsUseCase    : stored 0 new items (1 received)
2026-07-06T10:56:21.204+09:00  INFO 90047 --- [tech-and-job-rss-reader] [     sink-0-C-1] d.r.r.a.application.StoreItemsUseCase    : stored 0 new items (1 received)
2026-07-06T10:56:21.206+09:00  INFO 90047 --- [tech-and-job-rss-reader] [     sink-0-C-1] d.r.r.a.application.StoreItemsUseCase    : stored 0 new items (3 received)
2026-07-06T10:56:21.214+09:00  INFO 90047 --- [tech-and-job-rss-reader] [     sink-0-C-1] d.r.r.a.application.StoreItemsUseCase    : stored 0 new items (1 received)
2026-07-06T10:56:21.223+09:00  INFO 90047 --- [tech-and-job-rss-reader] [     sink-0-C-1] d.r.r.a.application.StoreItemsUseCase    : stored 0 new items (1 received)
2026-07-06T10:56:21.258+09:00  INFO 90047 --- [tech-and-job-rss-reader] [     sink-0-C-1] d.r.r.a.application.StoreItemsUseCase    : stored 0 new items (1 received)
2026-07-06T10:56:21.263+09:00  INFO 90047 --- [tech-and-job-rss-reader] [     sink-0-C-1] d.r.r.a.application.StoreItemsUseCase    : stored 0 new items (1 received)
2026-07-06T10:56:21.272+09:00  INFO 90047 --- [tech-and-job-rss-reader] [     sink-0-C-1] d.r.r.a.application.StoreItemsUseCase    : stored 0 new items (1 received)
2026-07-06T10:56:21.273+09:00  INFO 90047 --- [tech-and-job-rss-reader] [     sink-0-C-1] d.r.r.a.application.StoreItemsUseCase    : stored 0 new items (1 received)
2026-07-06T10:56:21.277+09:00  INFO 90047 --- [tech-and-job-rss-reader] [     sink-0-C-1] d.r.r.a.application.StoreItemsUseCase    : stored 0 new items (1 received)
2026-07-06T10:56:21.278+09:00  INFO 90047 --- [tech-and-job-rss-reader] [     sink-0-C-1] d.r.r.a.application.StoreItemsUseCase    : stored 0 new items (1 received)
2026-07-06T10:56:21.286+09:00  INFO 90047 --- [tech-and-job-rss-reader] [     sink-0-C-1] d.r.r.a.application.StoreItemsUseCase    : stored 0 new items (1 received)
2026-07-06T10:56:21.287+09:00  INFO 90047 --- [tech-and-job-rss-reader] [     sink-0-C-1] d.r.r.a.application.StoreItemsUseCase    : stored 0 new items (1 received)
